{"src":{"0":"ServerA","1":"ServerA","2":"ServerB","3":"ServerD","4":"ServerC","5":"ServerE","6":"ServerD"},"dst":{"0":"ServerB","1":"ServerC","2":"ServerD","3":"ServerE","4":"ServerA","5":"ServerB","6":"ServerC"},"properties":{"0":{"is_encrypted":{"Critical System Request":true},"datasource":{"Critical System Request":"data\/network_traffic_edges.csv"}},"1":{"is_encrypted":{"File Transfer":false},"datasource":{"File Transfer":"data\/network_traffic_edges.csv"}},"2":{"is_encrypted":{"Standard Service Request":true},"datasource":{"Standard Service Request":"data\/network_traffic_edges.csv"}},"3":{"is_encrypted":{"Administrative Command":false},"datasource":{"Administrative Command":"data\/network_traffic_edges.csv"}},"4":{"is_encrypted":{"Critical System Request":true},"datasource":{"Critical System Request":"data\/network_traffic_edges.csv"}},"5":{"datasource":{"File Transfer":"data\/network_traffic_edges.csv"},"is_encrypted":{"File Transfer":false}},"6":{"datasource":{"Standard Service Request":"data\/network_traffic_edges.csv"},"is_encrypted":{"Standard Service Request":true}}},"property_histories":{"0":[["data_size_MB",[1693555200000,5.6]]],"1":[["data_size_MB",[1693555500000,7.1]]],"2":[["data_size_MB",[1693555800000,3.2]]],"3":[["data_size_MB",[1693556100000,8.9]]],"4":[["data_size_MB",[1693556400000,4.5]]],"5":[["data_size_MB",[1693556700000,6.2]]],"6":[["data_size_MB",[1693557000000,5.0]],["data_size_MB",[1693557060000,10.0]],["data_size_MB",[1693557120000,15.0]]]}}