{"src":{"0":"ServerA","1":"ServerA","2":"ServerB","3":"ServerD","4":"ServerC","5":"ServerE","6":"ServerD"},"dst":{"0":"ServerB","1":"ServerC","2":"ServerD","3":"ServerE","4":"ServerA","5":"ServerB","6":"ServerC"},"properties":{"0":{"is_encrypted":{"Critical System Request":true},"datasource":{"Critical System Request":"data\/network_traffic_edges.csv"},"data_size_MB":5.6},"1":{"data_size_MB":7.1,"datasource":{"File Transfer":"data\/network_traffic_edges.csv"},"is_encrypted":{"File Transfer":false}},"2":{"is_encrypted":{"Standard Service Request":true},"datasource":{"Standard Service Request":"data\/network_traffic_edges.csv"},"data_size_MB":3.2},"3":{"data_size_MB":8.9,"is_encrypted":{"Administrative Command":false},"datasource":{"Administrative Command":"data\/network_traffic_edges.csv"}},"4":{"is_encrypted":{"Critical System Request":true},"datasource":{"Critical System Request":"data\/network_traffic_edges.csv"},"data_size_MB":4.5},"5":{"datasource":{"File Transfer":"data\/network_traffic_edges.csv"},"data_size_MB":6.2,"is_encrypted":{"File Transfer":false}},"6":{"is_encrypted":{"Standard Service Request":true},"data_size_MB":15.0,"datasource":{"Standard Service Request":"data\/network_traffic_edges.csv"}}},"update_history":{"0":[1693555200000],"1":[1693555500000],"2":[1693555800000],"3":[1693556100000],"4":[1693556400000],"5":[1693556700000],"6":[1693557000000,1693557060000,1693557120000]}}