{"src":{"0":"ServerA","1":"ServerA","2":"ServerB","3":"ServerD","4":"ServerC","5":"ServerE","6":"ServerD","7":"ServerD","8":"ServerD"},"dst":{"0":"ServerB","1":"ServerC","2":"ServerD","3":"ServerE","4":"ServerA","5":"ServerB","6":"ServerC","7":"ServerC","8":"ServerC"},"layer":{"0":"Critical System Request","1":"File Transfer","2":"Standard Service Request","3":"Administrative Command","4":"Critical System Request","5":"File Transfer","6":"Standard Service Request","7":"Standard Service Request","8":"Standard Service Request"},"properties":{"0":{"datasource":"data\/network_traffic_edges.csv","is_encrypted":true},"1":{"is_encrypted":false,"datasource":"data\/network_traffic_edges.csv"},"2":{"datasource":"data\/network_traffic_edges.csv","is_encrypted":true},"3":{"is_encrypted":false,"datasource":"data\/network_traffic_edges.csv"},"4":{"datasource":"data\/network_traffic_edges.csv","is_encrypted":true},"5":{"datasource":"data\/network_traffic_edges.csv","is_encrypted":false},"6":{"is_encrypted":true,"datasource":"data\/network_traffic_edges.csv"},"7":{"datasource":"data\/network_traffic_edges.csv","is_encrypted":true},"8":{"is_encrypted":true,"datasource":"data\/network_traffic_edges.csv"}},"property_histories":{"0":[["data_size_MB",[1693555200000,5.6]]],"1":[["data_size_MB",[1693555500000,7.1]]],"2":[["data_size_MB",[1693555800000,3.2]]],"3":[["data_size_MB",[1693556100000,8.9]]],"4":[["data_size_MB",[1693556400000,4.5]]],"5":[["data_size_MB",[1693556700000,6.2]]],"6":[["data_size_MB",[1693557000000,5.0]]],"7":[["data_size_MB",[1693557060000,10.0]]],"8":[["data_size_MB",[1693557120000,15.0]]]},"update_history_exploded":{"0":1693555200000,"1":1693555500000,"2":1693555800000,"3":1693556100000,"4":1693556400000,"5":1693556700000,"6":1693557000000,"7":1693557060000,"8":1693557120000}}