{"src":{"0":"ServerA","1":"ServerA","2":"ServerB","3":"ServerC","4":"ServerD","5":"ServerD","6":"ServerD","7":"ServerD","8":"ServerE"},"dst":{"0":"ServerB","1":"ServerC","2":"ServerD","3":"ServerA","4":"ServerC","5":"ServerC","6":"ServerC","7":"ServerE","8":"ServerB"},"layer":{"0":"Critical System Request","1":"File Transfer","2":"Standard Service Request","3":"Critical System Request","4":"Standard Service Request","5":"Standard Service Request","6":"Standard Service Request","7":"Administrative Command","8":"File Transfer"},"properties":{"0":{"datasource":"data\/network_traffic_edges.csv","is_encrypted":true,"data_size_MB":[[1693555200000,5.6]]},"1":{"is_encrypted":false,"datasource":"data\/network_traffic_edges.csv","data_size_MB":[[1693555500000,7.1]]},"2":{"datasource":"data\/network_traffic_edges.csv","is_encrypted":true,"data_size_MB":[[1693555800000,3.2]]},"3":{"datasource":"data\/network_traffic_edges.csv","is_encrypted":true,"data_size_MB":[[1693556400000,4.5]]},"4":{"is_encrypted":true,"datasource":"data\/network_traffic_edges.csv","data_size_MB":[[1693557000000,5.0]]},"5":{"is_encrypted":true,"datasource":"data\/network_traffic_edges.csv","data_size_MB":[[1693557060000,10.0]]},"6":{"is_encrypted":true,"datasource":"data\/network_traffic_edges.csv","data_size_MB":[[1693557120000,15.0]]},"7":{"datasource":"data\/network_traffic_edges.csv","is_encrypted":false,"data_size_MB":[[1693556100000,8.9]]},"8":{"is_encrypted":false,"datasource":"data\/network_traffic_edges.csv","data_size_MB":[[1693556700000,6.2]]}}}