{"src":{"0":"ServerA","1":"ServerA","2":"ServerB","3":"ServerD","4":"ServerC","5":"ServerE","6":"ServerD"},"dst":{"0":"ServerB","1":"ServerC","2":"ServerD","3":"ServerE","4":"ServerA","5":"ServerB","6":"ServerC"},"layer":{"0":"Critical System Request","1":"File Transfer","2":"Standard Service Request","3":"Administrative Command","4":"Critical System Request","5":"File Transfer","6":"Standard Service Request"},"is_encrypted":{"0":true,"1":false,"2":true,"3":false,"4":true,"5":false,"6":true},"datasource":{"0":"data\/network_traffic_edges.csv","1":"data\/network_traffic_edges.csv","2":"data\/network_traffic_edges.csv","3":"data\/network_traffic_edges.csv","4":"data\/network_traffic_edges.csv","5":"data\/network_traffic_edges.csv","6":"data\/network_traffic_edges.csv"},"data_size_MB":{"0":[[1693555200000,5.6]],"1":[[1693555500000,7.1]],"2":[[1693555800000,3.2]],"3":[[1693556100000,8.9]],"4":[[1693556400000,4.5]],"5":[[1693556700000,6.2]],"6":[[1693557000000,5.0],[1693557060000,10.0],[1693557120000,15.0]]},"update_histories":{"0":[1693555200000],"1":[1693555500000],"2":[1693555800000],"3":[1693556100000],"4":[1693556400000],"5":[1693556700000],"6":[1693557000000,1693557060000,1693557120000]}}