{"src":{"0":"ServerA","1":"ServerA","2":"ServerB","3":"ServerC","4":"ServerD","5":"ServerD","6":"ServerD","7":"ServerD","8":"ServerE"},"dst":{"0":"ServerB","1":"ServerC","2":"ServerD","3":"ServerA","4":"ServerC","5":"ServerC","6":"ServerC","7":"ServerE","8":"ServerB"},"layer":{"0":"Critical System Request","1":"File Transfer","2":"Standard Service Request","3":"Critical System Request","4":"Standard Service Request","5":"Standard Service Request","6":"Standard Service Request","7":"Administrative Command","8":"File Transfer"},"properties":{"0":{"data_size_MB":5.6,"is_encrypted":true,"datasource":"data\/network_traffic_edges.csv"},"1":{"datasource":"data\/network_traffic_edges.csv","is_encrypted":false,"data_size_MB":7.1},"2":{"data_size_MB":3.2,"is_encrypted":true,"datasource":"data\/network_traffic_edges.csv"},"3":{"data_size_MB":4.5,"is_encrypted":true,"datasource":"data\/network_traffic_edges.csv"},"4":{"is_encrypted":true,"data_size_MB":5.0,"datasource":"data\/network_traffic_edges.csv"},"5":{"is_encrypted":true,"data_size_MB":10.0,"datasource":"data\/network_traffic_edges.csv"},"6":{"data_size_MB":15.0,"is_encrypted":true,"datasource":"data\/network_traffic_edges.csv"},"7":{"datasource":"data\/network_traffic_edges.csv","data_size_MB":8.9,"is_encrypted":false},"8":{"data_size_MB":6.2,"is_encrypted":false,"datasource":"data\/network_traffic_edges.csv"}},"update_history":{"0":1693555200000,"1":1693555500000,"2":1693555800000,"3":1693556400000,"4":1693557000000,"5":1693557060000,"6":1693557120000,"7":1693556100000,"8":1693556700000}}