{"src":{"0":"ServerA","1":"ServerA","2":"ServerB","3":"ServerD","4":"ServerC","5":"ServerE","6":"ServerD"},"dst":{"0":"ServerB","1":"ServerC","2":"ServerD","3":"ServerE","4":"ServerA","5":"ServerB","6":"ServerC"},"update_history":{"0":[1693555200000],"1":[1693555500000],"2":[1693555800000],"3":[1693556100000],"4":[1693556400000],"5":[1693556700000],"6":[1693557000000,1693557060000,1693557120000]}}