{"src":{"0":"ServerA","1":"ServerA","2":"ServerB","3":"ServerC","4":"ServerD","5":"ServerD","6":"ServerE"},"dst":{"0":"ServerB","1":"ServerC","2":"ServerD","3":"ServerA","4":"ServerC","5":"ServerE","6":"ServerB"},"layer":{"0":"Critical System Request","1":"File Transfer","2":"Standard Service Request","3":"Critical System Request","4":"Standard Service Request","5":"Administrative Command","6":"File Transfer"},"properties":{"0":{"datasource":"data\/network_traffic_edges.csv","is_encrypted":true,"data_size_MB":[[1693555200000,5.6]]},"1":{"is_encrypted":false,"datasource":"data\/network_traffic_edges.csv","data_size_MB":[[1693555500000,7.1]]},"2":{"is_encrypted":true,"datasource":"data\/network_traffic_edges.csv","data_size_MB":[[1693555800000,3.2]]},"3":{"datasource":"data\/network_traffic_edges.csv","is_encrypted":true,"data_size_MB":[[1693556400000,4.5]]},"4":{"datasource":"data\/network_traffic_edges.csv","is_encrypted":true,"data_size_MB":[[1693557000000,5.0],[1693557060000,10.0],[1693557120000,15.0]]},"5":{"datasource":"data\/network_traffic_edges.csv","is_encrypted":false,"data_size_MB":[[1693556100000,8.9]]},"6":{"datasource":"data\/network_traffic_edges.csv","is_encrypted":false,"data_size_MB":[[1693556700000,6.2]]}},"update_history":{"0":[1693555200000],"1":[1693555500000],"2":[1693555800000],"3":[1693556400000],"4":[1693557000000,1693557060000,1693557120000],"5":[1693556100000],"6":[1693556700000]}}