{"name":{"0":"ServerA","1":"ServerA","2":"ServerA","3":"ServerB","4":"ServerC","5":"ServerD","6":"ServerE"},"type":{"0":"","1":"","2":"","3":"","4":"","5":"","6":""},"hardware_type":{"0":"Blade Server","1":"Blade Server","2":"Blade Server","3":"Rack Server","4":"Blade Server","5":"Tower Server","6":"Rack Server"},"datasource":{"0":"data\/network_traffic_edges.csv","1":"data\/network_traffic_edges.csv","2":"data\/network_traffic_edges.csv","3":"data\/network_traffic_edges.csv","4":"data\/network_traffic_edges.csv","5":"data\/network_traffic_edges.csv","6":"data\/network_traffic_edges.csv"},"server_name":{"0":"Alpha","1":"Alpha","2":"Alpha","3":"Beta","4":"Charlie","5":"Delta","6":"Echo"},"primary_function":{"0":"Database","1":"Database","2":"Database","3":"Web Server","4":"File Storage","5":"Application Server","6":"Backup"},"OS_version":{"0":"Ubuntu 20.04","1":"Ubuntu 20.04","2":"Ubuntu 20.04","3":"Red Hat 8.1","4":"Windows Server 2022","5":"Ubuntu 20.04","6":"Red Hat 8.1"},"uptime_days":{"0":122,"1":120,"2":121,"3":45,"4":90,"5":60,"6":30},"update_histories":{"0":1693555,"1":1693555,"2":1693555,"3":1693555,"4":1693555,"5":1693556,"6":1693556}}