{"name":{"0":"ServerA","1":"ServerB","2":"ServerC","3":"ServerD","4":"ServerE"},"update_history":{"0":[1693555200000,1693555260000,1693555320000,1693555500000,1693556400000],"1":[1693555200000,1693555500000,1693555800000,1693556700000],"2":[1693555500000,1693555800000,1693556400000,1693557000000,1693557060000,1693557120000],"3":[1693555800000,1693556100000,1693557000000,1693557060000,1693557120000],"4":[1693556100000,1693556400000,1693556700000]}}