{"name":{"0":"ServerA","1":"ServerB","2":"ServerC","3":"ServerD","4":"ServerE"},"properties":{"0":{"server_name":"Alpha","datasource":"data\/network_traffic_edges.csv","hardware_type":"Blade Server"},"1":{"server_name":"Beta","hardware_type":"Rack Server","datasource":"data\/network_traffic_edges.csv"},"2":{"server_name":"Charlie","datasource":"data\/network_traffic_edges.csv","hardware_type":"Blade Server"},"3":{"hardware_type":"Tower Server","datasource":"data\/network_traffic_edges.csv","server_name":"Delta"},"4":{"server_name":"Echo","datasource":"data\/network_traffic_edges.csv","hardware_type":"Rack Server"}},"property_history":{"0":[["OS_version",[1693555200000,"Ubuntu 20.04"]],["OS_version",[1693555260000,"Ubuntu 20.04"]],["OS_version",[1693555320000,"Ubuntu 20.04"]],["primary_function",[1693555200000,"Database"]],["primary_function",[1693555260000,"Database"]],["primary_function",[1693555320000,"Database"]],["uptime_days",[1693555200000,120]],["uptime_days",[1693555260000,121]],["uptime_days",[1693555320000,122]]],"1":[["OS_version",[1693555500000,"Red Hat 8.1"]],["primary_function",[1693555500000,"Web Server"]],["uptime_days",[1693555500000,45]]],"2":[["OS_version",[1693555800000,"Windows Server 2022"]],["primary_function",[1693555800000,"File Storage"]],["uptime_days",[1693555800000,90]]],"3":[["OS_version",[1693556100000,"Ubuntu 20.04"]],["primary_function",[1693556100000,"Application Server"]],["uptime_days",[1693556100000,60]]],"4":[["OS_version",[1693556400000,"Red Hat 8.1"]],["primary_function",[1693556400000,"Backup"]],["uptime_days",[1693556400000,30]]]}}