{"name":{"0":"ServerA","1":"ServerB","2":"ServerC","3":"ServerD","4":"ServerE"},"type":{"0":"","1":"","2":"","3":"","4":""},"datasource":{"0":"data\/network_traffic_edges.csv","1":"data\/network_traffic_edges.csv","2":"data\/network_traffic_edges.csv","3":"data\/network_traffic_edges.csv","4":"data\/network_traffic_edges.csv"},"server_name":{"0":"Alpha","1":"Beta","2":"Charlie","3":"Delta","4":"Echo"},"hardware_type":{"0":"Blade Server","1":"Rack Server","2":"Blade Server","3":"Tower Server","4":"Rack Server"},"uptime_days":{"0":[[1693555200000,120],[1693555260000,121],[1693555320000,122]],"1":[[1693555500000,45]],"2":[[1693555800000,90]],"3":[[1693556100000,60]],"4":[[1693556400000,30]]},"primary_function":{"0":[[1693555200000,"Database"],[1693555260000,"Database"],[1693555320000,"Database"]],"1":[[1693555500000,"Web Server"]],"2":[[1693555800000,"File Storage"]],"3":[[1693556100000,"Application Server"]],"4":[[1693556400000,"Backup"]]},"OS_version":{"0":[[1693555200000,"Ubuntu 20.04"],[1693555260000,"Ubuntu 20.04"],[1693555320000,"Ubuntu 20.04"]],"1":[[1693555500000,"Red Hat 8.1"]],"2":[[1693555800000,"Windows Server 2022"]],"3":[[1693556100000,"Ubuntu 20.04"]],"4":[[1693556400000,"Red Hat 8.1"]]},"update_histories":{"0":[1693555200000,1693555260000,1693555320000,1693555500000,1693556400000],"1":[1693555200000,1693555500000,1693555800000,1693556700000],"2":[1693555500000,1693555800000,1693556400000,1693557000000,1693557060000,1693557120000],"3":[1693555800000,1693556100000,1693557000000,1693557060000,1693557120000],"4":[1693556100000,1693556400000,1693556700000]}}