{"name":{"0":"ServerA","1":"ServerB","2":"ServerC","3":"ServerD","4":"ServerE"},"properties":{"0":{"datasource":"data\/network_traffic_edges.csv","primary_function":"Database","OS_version":"Ubuntu 20.04","uptime_days":122,"server_name":"Alpha","hardware_type":"Blade Server"},"1":{"primary_function":"Web Server","uptime_days":45,"hardware_type":"Rack Server","datasource":"data\/network_traffic_edges.csv","server_name":"Beta","OS_version":"Red Hat 8.1"},"2":{"primary_function":"File Storage","OS_version":"Windows Server 2022","uptime_days":90,"server_name":"Charlie","datasource":"data\/network_traffic_edges.csv","hardware_type":"Blade Server"},"3":{"OS_version":"Ubuntu 20.04","server_name":"Delta","uptime_days":60,"hardware_type":"Tower Server","primary_function":"Application Server","datasource":"data\/network_traffic_edges.csv"},"4":{"primary_function":"Backup","datasource":"data\/network_traffic_edges.csv","hardware_type":"Rack Server","uptime_days":30,"OS_version":"Red Hat 8.1","server_name":"Echo"}},"update_history":{"0":[1693555200000,1693555260000,1693555320000,1693555500000,1693556400000],"1":[1693555200000,1693555500000,1693555800000,1693556700000],"2":[1693555500000,1693555800000,1693556400000,1693557000000,1693557060000,1693557120000],"3":[1693555800000,1693556100000,1693557000000,1693557060000,1693557120000],"4":[1693556100000,1693556400000,1693556700000]}}