{"id":{"0":"ServerA","1":"ServerB","2":"ServerC","3":"ServerD","4":"ServerE"},"properties":{"0":{"_id":"ServerA","server_name":"Alpha","datasource":"data\/network_traffic_edges.csv","hardware_type":"Blade Server","uptime_days":122,"OS_version":"Ubuntu 20.04","primary_function":"Database"},"1":{"primary_function":"Web Server","_id":"ServerB","server_name":"Beta","OS_version":"Red Hat 8.1","hardware_type":"Rack Server","datasource":"data\/network_traffic_edges.csv","uptime_days":45},"2":{"primary_function":"File Storage","server_name":"Charlie","datasource":"data\/network_traffic_edges.csv","hardware_type":"Blade Server","OS_version":"Windows Server 2022","_id":"ServerC","uptime_days":90},"3":{"primary_function":"Application Server","OS_version":"Ubuntu 20.04","_id":"ServerD","server_name":"Delta","datasource":"data\/network_traffic_edges.csv","uptime_days":60,"hardware_type":"Tower Server"},"4":{"primary_function":"Backup","hardware_type":"Rack Server","_id":"ServerE","OS_version":"Red Hat 8.1","datasource":"data\/network_traffic_edges.csv","uptime_days":30,"server_name":"Echo"}},"update_history":{"0":[1693555200000,1693555260000,1693555320000,1693555500000,1693556400000],"1":[1693555200000,1693555500000,1693555800000,1693556700000],"2":[1693555500000,1693555800000,1693556400000,1693557000000,1693557060000,1693557120000],"3":[1693555800000,1693556100000,1693557000000,1693557060000,1693557120000],"4":[1693556100000,1693556400000,1693556700000]}}