{"id":{"0":"ServerA","1":"ServerB","2":"ServerC","3":"ServerD","4":"ServerE"},"properties":{"0":{"server_name":"Alpha","hardware_type":"Blade Server","datasource":"data\/network_traffic_edges.csv","primary_function":[[1693555200000,"Database"],[1693555260000,"Database"],[1693555320000,"Database"]],"uptime_days":[[1693555200000,120],[1693555260000,121],[1693555320000,122]],"OS_version":[[1693555200000,"Ubuntu 20.04"],[1693555260000,"Ubuntu 20.04"],[1693555320000,"Ubuntu 20.04"]]},"1":{"datasource":"data\/network_traffic_edges.csv","hardware_type":"Rack Server","server_name":"Beta","uptime_days":[[1693555500000,45]],"OS_version":[[1693555500000,"Red Hat 8.1"]],"primary_function":[[1693555500000,"Web Server"]]},"2":{"server_name":"Charlie","datasource":"data\/network_traffic_edges.csv","hardware_type":"Blade Server","OS_version":[[1693555800000,"Windows Server 2022"]],"primary_function":[[1693555800000,"File Storage"]],"uptime_days":[[1693555800000,90]]},"3":{"datasource":"data\/network_traffic_edges.csv","server_name":"Delta","hardware_type":"Tower Server","uptime_days":[[1693556100000,60]],"OS_version":[[1693556100000,"Ubuntu 20.04"]],"primary_function":[[1693556100000,"Application Server"]]},"4":{"server_name":"Echo","hardware_type":"Rack Server","datasource":"data\/network_traffic_edges.csv","primary_function":[[1693556400000,"Backup"]],"OS_version":[[1693556400000,"Red Hat 8.1"]],"uptime_days":[[1693556400000,30]]}},"update_history":{"0":[1693555200000,1693555260000,1693555320000,1693555500000,1693556400000],"1":[1693555200000,1693555500000,1693555800000,1693556700000],"2":[1693555500000,1693555800000,1693556400000,1693557000000,1693557060000,1693557120000],"3":[1693555800000,1693556100000,1693557000000,1693557060000,1693557120000],"4":[1693556100000,1693556400000,1693556700000]}}