{"id":{"0":"ServerA","1":"ServerB","2":"ServerC","3":"ServerD","4":"ServerE"},"properties":{"0":{"datasource":"data\/network_traffic_edges.csv","server_name":"Alpha","hardware_type":"Blade Server","_id":"ServerA","OS_version":[[1693555200000,"Ubuntu 20.04"],[1693555260000,"Ubuntu 20.04"],[1693555320000,"Ubuntu 20.04"]],"uptime_days":[[1693555200000,120],[1693555260000,121],[1693555320000,122]],"primary_function":[[1693555200000,"Database"],[1693555260000,"Database"],[1693555320000,"Database"]]},"1":{"datasource":"data\/network_traffic_edges.csv","_id":"ServerB","hardware_type":"Rack Server","server_name":"Beta","primary_function":[[1693555500000,"Web Server"]],"uptime_days":[[1693555500000,45]],"OS_version":[[1693555500000,"Red Hat 8.1"]]},"2":{"hardware_type":"Blade Server","_id":"ServerC","server_name":"Charlie","datasource":"data\/network_traffic_edges.csv","uptime_days":[[1693555800000,90]],"OS_version":[[1693555800000,"Windows Server 2022"]],"primary_function":[[1693555800000,"File Storage"]]},"3":{"server_name":"Delta","hardware_type":"Tower Server","datasource":"data\/network_traffic_edges.csv","_id":"ServerD","uptime_days":[[1693556100000,60]],"OS_version":[[1693556100000,"Ubuntu 20.04"]],"primary_function":[[1693556100000,"Application Server"]]},"4":{"datasource":"data\/network_traffic_edges.csv","hardware_type":"Rack Server","server_name":"Echo","_id":"ServerE","uptime_days":[[1693556400000,30]],"OS_version":[[1693556400000,"Red Hat 8.1"]],"primary_function":[[1693556400000,"Backup"]]}}}